[561648 - Suricata-Main] 2026-07-02 21:12:38 Notice: suricata: This is Suricata version 7.0.10 RELEASE running in USER mode
[561648 - Suricata-Main] 2026-07-02 21:12:38 Info: cpu: CPUs/cores online: 12
[561648 - Suricata-Main] 2026-07-02 21:12:38 Info: suricata: Setting engine mode to IDS mode by default
[561648 - Suricata-Main] 2026-07-02 21:12:38 Info: exception-policy: master exception-policy set to: auto
[561648 - Suricata-Main] 2026-07-02 21:12:38 Info: logopenfile: fast output device (regular) initialized: fast.log
[561648 - Suricata-Main] 2026-07-02 21:12:38 Info: logopenfile: eve-log output device (regular) initialized: eve.json
[561648 - Suricata-Main] 2026-07-02 21:12:38 Info: logopenfile: stats output device (regular) initialized: stats.log
[561648 - Suricata-Main] 2026-07-02 21:12:38 Error: detect-parse: Signature combines packet specific matches (like dsize, flags, ttl) with stream / state matching by matching on app layer proto (like using http_* keywords).
[561648 - Suricata-Main] 2026-07-02 21:12:38 Error: detect: error parsing signature "alert http $HOME_NET any -> any 80 (msg:"STRATEGIC-INTEL: Potentially Malicious HTTP Persistence Detected"; flow:to_server,established; content:"GET"; http_method; dsize:<500; threshold:type limit, track by_src, count 1, seconds 60; sid:1000001; rev:1;)" from file /etc/suricata/rules/custom.rules at line 1
[561648 - Suricata-Main] 2026-07-02 21:12:38 Error: detect-parse: Signature combines packet specific matches (like dsize, flags, ttl) with stream / state matching by matching on app layer proto (like using http_* keywords).
[561648 - Suricata-Main] 2026-07-02 21:12:38 Error: detect: error parsing signature "alert http $HOME_NET any -> any 80 (msg:"STRATEGIC-INTEL: Potentially Malicious HTTP Persistence Detected"; flow:to_server,established; content:"GET"; http_method; dsize:<500; sid:1000001; rev:1;)" from file /etc/suricata/rules/custom.rules at line 2
[561648 - Suricata-Main] 2026-07-02 21:12:38 Error: detect-parse: protocol "dnp3" cannot be used in a signature.  Either detection for this protocol is not yet supported OR detection has been disabled for protocol through the yaml option app-layer.protocols.dnp3.detection-enabled
[561648 - Suricata-Main] 2026-07-02 21:12:38 Error: detect: error parsing signature "alert dnp3 any any -> any any (msg:"SURICATA DNP3 Request flood detected";       app-layer-event:dnp3.flooded; classtype:protocol-command-decode; sid:2270000; rev:2;)" from file /etc/suricata/rules/dnp3-events.rules at line 7
[561648 - Suricata-Main] 2026-07-02 21:12:38 Error: detect-parse: protocol "dnp3" cannot be used in a signature.  Either detection for this protocol is not yet supported OR detection has been disabled for protocol through the yaml option app-layer.protocols.dnp3.detection-enabled
[561648 - Suricata-Main] 2026-07-02 21:12:38 Error: detect: error parsing signature "alert dnp3 any any -> any any (msg:"SURICATA DNP3 Length too small";       app-layer-event:dnp3.len_too_small; classtype:protocol-command-decode; sid:2270001; rev:3;)" from file /etc/suricata/rules/dnp3-events.rules at line 13
[561648 - Suricata-Main] 2026-07-02 21:12:38 Error: detect-parse: protocol "dnp3" cannot be used in a signature.  Either detection for this protocol is not yet supported OR detection has been disabled for protocol through the yaml option app-layer.protocols.dnp3.detection-enabled
[561648 - Suricata-Main] 2026-07-02 21:12:38 Error: detect: error parsing signature "alert dnp3 any any -> any any (msg:"SURICATA DNP3 Bad link CRC";       app-layer-event:dnp3.bad_link_crc; classtype:protocol-command-decode; sid:2270002; rev:2;)" from file /etc/suricata/rules/dnp3-events.rules at line 17
[561648 - Suricata-Main] 2026-07-02 21:12:38 Error: detect-parse: protocol "dnp3" cannot be used in a signature.  Either detection for this protocol is not yet supported OR detection has been disabled for protocol through the yaml option app-layer.protocols.dnp3.detection-enabled
[561648 - Suricata-Main] 2026-07-02 21:12:38 Error: detect: error parsing signature "alert dnp3 any any -> any any (msg:"SURICATA DNP3 Bad transport CRC";       app-layer-event:dnp3.bad_transport_crc; classtype:protocol-command-decode; sid:2270003; rev:2;)" from file /etc/suricata/rules/dnp3-events.rules at line 21
[561648 - Suricata-Main] 2026-07-02 21:12:38 Error: detect-parse: protocol "dnp3" cannot be used in a signature.  Either detection for this protocol is not yet supported OR detection has been disabled for protocol through the yaml option app-layer.protocols.dnp3.detection-enabled
[561648 - Suricata-Main] 2026-07-02 21:12:38 Error: detect: error parsing signature "alert dnp3 any any -> any any (msg:"SURICATA DNP3 Unknown object";       app-layer-event:dnp3.unknown_object; classtype:protocol-command-decode; sid:2270004; rev:2;)" from file /etc/suricata/rules/dnp3-events.rules at line 25
[561648 - Suricata-Main] 2026-07-02 21:12:38 Error: detect-parse: protocol "modbus" cannot be used in a signature.  Either detection for this protocol is not yet supported OR detection has been disabled for protocol through the yaml option app-layer.protocols.modbus.detection-enabled
[561648 - Suricata-Main] 2026-07-02 21:12:38 Error: detect: error parsing signature "alert modbus any any -> any any (msg:"SURICATA Modbus invalid Protocol version"; app-layer-event:modbus.invalid_protocol_id; classtype:protocol-command-decode; sid:2250001; rev:2;)" from file /etc/suricata/rules/modbus-events.rules at line 2
[561648 - Suricata-Main] 2026-07-02 21:12:38 Error: detect-parse: protocol "modbus" cannot be used in a signature.  Either detection for this protocol is not yet supported OR detection has been disabled for protocol through the yaml option app-layer.protocols.modbus.detection-enabled
[561648 - Suricata-Main] 2026-07-02 21:12:38 Error: detect: error parsing signature "alert modbus any any -> any any (msg:"SURICATA Modbus unsolicited response"; app-layer-event:modbus.unsolicited_response; classtype:protocol-command-decode; sid:2250002; rev:2;)" from file /etc/suricata/rules/modbus-events.rules at line 4
[561648 - Suricata-Main] 2026-07-02 21:12:38 Error: detect-parse: protocol "modbus" cannot be used in a signature.  Either detection for this protocol is not yet supported OR detection has been disabled for protocol through the yaml option app-layer.protocols.modbus.detection-enabled
[561648 - Suricata-Main] 2026-07-02 21:12:38 Error: detect: error parsing signature "alert modbus any any -> any any (msg:"SURICATA Modbus invalid Length"; app-layer-event:modbus.invalid_length; classtype:protocol-command-decode; sid:2250003; rev:2;)" from file /etc/suricata/rules/modbus-events.rules at line 6
[561648 - Suricata-Main] 2026-07-02 21:12:38 Error: detect-parse: protocol "modbus" cannot be used in a signature.  Either detection for this protocol is not yet supported OR detection has been disabled for protocol through the yaml option app-layer.protocols.modbus.detection-enabled
[561648 - Suricata-Main] 2026-07-02 21:12:38 Error: detect: error parsing signature "alert modbus any any -> any any (msg:"SURICATA Modbus invalid Function code"; app-layer-event:modbus.invalid_function_code; classtype:protocol-command-decode; sid:2250005; rev:2;)" from file /etc/suricata/rules/modbus-events.rules at line 8
[561648 - Suricata-Main] 2026-07-02 21:12:38 Error: detect-parse: protocol "modbus" cannot be used in a signature.  Either detection for this protocol is not yet supported OR detection has been disabled for protocol through the yaml option app-layer.protocols.modbus.detection-enabled
[561648 - Suricata-Main] 2026-07-02 21:12:38 Error: detect: error parsing signature "alert modbus any any -> any any (msg:"SURICATA Modbus invalid Value"; app-layer-event:modbus.invalid_value; classtype:protocol-command-decode; sid:2250006; rev:2;)" from file /etc/suricata/rules/modbus-events.rules at line 10
[561648 - Suricata-Main] 2026-07-02 21:12:38 Error: detect-parse: protocol "modbus" cannot be used in a signature.  Either detection for this protocol is not yet supported OR detection has been disabled for protocol through the yaml option app-layer.protocols.modbus.detection-enabled
[561648 - Suricata-Main] 2026-07-02 21:12:38 Error: detect: error parsing signature "alert modbus any any -> any any (msg:"SURICATA Modbus Exception code invalid"; flow:to_client; app-layer-event:modbus.invalid_exception_code; classtype:protocol-command-decode; sid:2250007; rev:2;)" from file /etc/suricata/rules/modbus-events.rules at line 12
[561648 - Suricata-Main] 2026-07-02 21:12:38 Error: detect-parse: protocol "modbus" cannot be used in a signature.  Either detection for this protocol is not yet supported OR detection has been disabled for protocol through the yaml option app-layer.protocols.modbus.detection-enabled
[561648 - Suricata-Main] 2026-07-02 21:12:38 Error: detect: error parsing signature "alert modbus any any -> any any (msg:"SURICATA Modbus Data mismatch"; flow:to_client; app-layer-event:modbus.value_mismatch; classtype:protocol-command-decode; sid:2250008; rev:2;)" from file /etc/suricata/rules/modbus-events.rules at line 14
[561648 - Suricata-Main] 2026-07-02 21:12:38 Error: detect-parse: protocol "modbus" cannot be used in a signature.  Either detection for this protocol is not yet supported OR detection has been disabled for protocol through the yaml option app-layer.protocols.modbus.detection-enabled
[561648 - Suricata-Main] 2026-07-02 21:12:38 Error: detect: error parsing signature "alert modbus any any -> any any (msg:"SURICATA Modbus Request flood detected"; flow:to_server; app-layer-event:modbus.flooded; classtype:protocol-command-decode; sid:2250009; rev:2;)" from file /etc/suricata/rules/modbus-events.rules at line 16
[561648 - Suricata-Main] 2026-07-02 21:12:38 Info: detect: 20 rule files processed. 240 rules successfully loaded, 15 rules failed, 0
[561648 - Suricata-Main] 2026-07-02 21:12:38 Info: threshold-config: Threshold config parsed: 0 rule(s) found
[561648 - Suricata-Main] 2026-07-02 21:12:38 Info: detect: 240 signatures processed. 0 are IP-only rules, 0 are inspecting packet payload, 173 inspect application layer, 0 are decoder event only
[561648 - Suricata-Main] 2026-07-02 21:12:38 Info: unix-manager: unix socket '/var/run/suricata-command.socket'
[561648 - Suricata-Main] 2026-07-02 21:12:38 Warning: unix-manager: Unix socket: UNIX socket bind(/var/run/suricata-command.socket) error: Address already in use
[561648 - Suricata-Main] 2026-07-02 21:12:38 Warning: unix-manager: Unable to create unix command socket
[561650 - RX#01] 2026-07-02 21:12:38 Info: pcap: Starting file run for /home/pritam/work/bug-bounty/bugbountydir/suricata-soc-platform/pcaps/smb-exploit.pcapng
[561648 - Suricata-Main] 2026-07-02 21:12:38 Notice: threads: Threads created -> RX: 1 W: 12 FM: 1 FR: 1   Engine started.
[561650 - RX#01] 2026-07-02 21:12:38 Info: pcap: pcap file /home/pritam/work/bug-bounty/bugbountydir/suricata-soc-platform/pcaps/smb-exploit.pcapng end of file reached (pcap err code 0)
[561648 - Suricata-Main] 2026-07-02 21:12:38 Notice: suricata: Signal Received.  Stopping engine.
[561648 - Suricata-Main] 2026-07-02 21:12:38 Info: suricata: time elapsed 0.105s
[561650 - RX#01] 2026-07-02 21:12:38 Notice: pcap: read 1 file, 82 packets, 18853 bytes
[561648 - Suricata-Main] 2026-07-02 21:12:38 Info: counters: Alerts: 0
[562040 - Suricata-Main] 2026-07-02 21:12:46 Notice: suricata: This is Suricata version 7.0.10 RELEASE running in USER mode
[562040 - Suricata-Main] 2026-07-02 21:12:46 Info: cpu: CPUs/cores online: 12
[562040 - Suricata-Main] 2026-07-02 21:12:46 Info: suricata: Setting engine mode to IDS mode by default
[562040 - Suricata-Main] 2026-07-02 21:12:46 Info: exception-policy: master exception-policy set to: auto
[562040 - Suricata-Main] 2026-07-02 21:12:46 Info: logopenfile: fast output device (regular) initialized: fast.log
[562040 - Suricata-Main] 2026-07-02 21:12:46 Info: logopenfile: eve-log output device (regular) initialized: eve.json
[562040 - Suricata-Main] 2026-07-02 21:12:46 Info: logopenfile: stats output device (regular) initialized: stats.log
[562040 - Suricata-Main] 2026-07-02 21:12:46 Error: detect-parse: Signature combines packet specific matches (like dsize, flags, ttl) with stream / state matching by matching on app layer proto (like using http_* keywords).
[562040 - Suricata-Main] 2026-07-02 21:12:46 Error: detect: error parsing signature "alert http $HOME_NET any -> any 80 (msg:"STRATEGIC-INTEL: Potentially Malicious HTTP Persistence Detected"; flow:to_server,established; content:"GET"; http_method; dsize:<500; threshold:type limit, track by_src, count 1, seconds 60; sid:1000001; rev:1;)" from file /etc/suricata/rules/custom.rules at line 1
[562040 - Suricata-Main] 2026-07-02 21:12:46 Error: detect-parse: Signature combines packet specific matches (like dsize, flags, ttl) with stream / state matching by matching on app layer proto (like using http_* keywords).
[562040 - Suricata-Main] 2026-07-02 21:12:46 Error: detect: error parsing signature "alert http $HOME_NET any -> any 80 (msg:"STRATEGIC-INTEL: Potentially Malicious HTTP Persistence Detected"; flow:to_server,established; content:"GET"; http_method; dsize:<500; sid:1000001; rev:1;)" from file /etc/suricata/rules/custom.rules at line 2
[562040 - Suricata-Main] 2026-07-02 21:12:46 Error: detect-parse: protocol "dnp3" cannot be used in a signature.  Either detection for this protocol is not yet supported OR detection has been disabled for protocol through the yaml option app-layer.protocols.dnp3.detection-enabled
[562040 - Suricata-Main] 2026-07-02 21:12:46 Error: detect: error parsing signature "alert dnp3 any any -> any any (msg:"SURICATA DNP3 Request flood detected";       app-layer-event:dnp3.flooded; classtype:protocol-command-decode; sid:2270000; rev:2;)" from file /etc/suricata/rules/dnp3-events.rules at line 7
[562040 - Suricata-Main] 2026-07-02 21:12:46 Error: detect-parse: protocol "dnp3" cannot be used in a signature.  Either detection for this protocol is not yet supported OR detection has been disabled for protocol through the yaml option app-layer.protocols.dnp3.detection-enabled
[562040 - Suricata-Main] 2026-07-02 21:12:46 Error: detect: error parsing signature "alert dnp3 any any -> any any (msg:"SURICATA DNP3 Length too small";       app-layer-event:dnp3.len_too_small; classtype:protocol-command-decode; sid:2270001; rev:3;)" from file /etc/suricata/rules/dnp3-events.rules at line 13
[562040 - Suricata-Main] 2026-07-02 21:12:46 Error: detect-parse: protocol "dnp3" cannot be used in a signature.  Either detection for this protocol is not yet supported OR detection has been disabled for protocol through the yaml option app-layer.protocols.dnp3.detection-enabled
[562040 - Suricata-Main] 2026-07-02 21:12:46 Error: detect: error parsing signature "alert dnp3 any any -> any any (msg:"SURICATA DNP3 Bad link CRC";       app-layer-event:dnp3.bad_link_crc; classtype:protocol-command-decode; sid:2270002; rev:2;)" from file /etc/suricata/rules/dnp3-events.rules at line 17
[562040 - Suricata-Main] 2026-07-02 21:12:46 Error: detect-parse: protocol "dnp3" cannot be used in a signature.  Either detection for this protocol is not yet supported OR detection has been disabled for protocol through the yaml option app-layer.protocols.dnp3.detection-enabled
[562040 - Suricata-Main] 2026-07-02 21:12:46 Error: detect: error parsing signature "alert dnp3 any any -> any any (msg:"SURICATA DNP3 Bad transport CRC";       app-layer-event:dnp3.bad_transport_crc; classtype:protocol-command-decode; sid:2270003; rev:2;)" from file /etc/suricata/rules/dnp3-events.rules at line 21
[562040 - Suricata-Main] 2026-07-02 21:12:46 Error: detect-parse: protocol "dnp3" cannot be used in a signature.  Either detection for this protocol is not yet supported OR detection has been disabled for protocol through the yaml option app-layer.protocols.dnp3.detection-enabled
[562040 - Suricata-Main] 2026-07-02 21:12:46 Error: detect: error parsing signature "alert dnp3 any any -> any any (msg:"SURICATA DNP3 Unknown object";       app-layer-event:dnp3.unknown_object; classtype:protocol-command-decode; sid:2270004; rev:2;)" from file /etc/suricata/rules/dnp3-events.rules at line 25
[562040 - Suricata-Main] 2026-07-02 21:12:46 Error: detect-parse: protocol "modbus" cannot be used in a signature.  Either detection for this protocol is not yet supported OR detection has been disabled for protocol through the yaml option app-layer.protocols.modbus.detection-enabled
[562040 - Suricata-Main] 2026-07-02 21:12:46 Error: detect: error parsing signature "alert modbus any any -> any any (msg:"SURICATA Modbus invalid Protocol version"; app-layer-event:modbus.invalid_protocol_id; classtype:protocol-command-decode; sid:2250001; rev:2;)" from file /etc/suricata/rules/modbus-events.rules at line 2
[562040 - Suricata-Main] 2026-07-02 21:12:46 Error: detect-parse: protocol "modbus" cannot be used in a signature.  Either detection for this protocol is not yet supported OR detection has been disabled for protocol through the yaml option app-layer.protocols.modbus.detection-enabled
[562040 - Suricata-Main] 2026-07-02 21:12:46 Error: detect: error parsing signature "alert modbus any any -> any any (msg:"SURICATA Modbus unsolicited response"; app-layer-event:modbus.unsolicited_response; classtype:protocol-command-decode; sid:2250002; rev:2;)" from file /etc/suricata/rules/modbus-events.rules at line 4
[562040 - Suricata-Main] 2026-07-02 21:12:46 Error: detect-parse: protocol "modbus" cannot be used in a signature.  Either detection for this protocol is not yet supported OR detection has been disabled for protocol through the yaml option app-layer.protocols.modbus.detection-enabled
[562040 - Suricata-Main] 2026-07-02 21:12:46 Error: detect: error parsing signature "alert modbus any any -> any any (msg:"SURICATA Modbus invalid Length"; app-layer-event:modbus.invalid_length; classtype:protocol-command-decode; sid:2250003; rev:2;)" from file /etc/suricata/rules/modbus-events.rules at line 6
[562040 - Suricata-Main] 2026-07-02 21:12:46 Error: detect-parse: protocol "modbus" cannot be used in a signature.  Either detection for this protocol is not yet supported OR detection has been disabled for protocol through the yaml option app-layer.protocols.modbus.detection-enabled
[562040 - Suricata-Main] 2026-07-02 21:12:46 Error: detect: error parsing signature "alert modbus any any -> any any (msg:"SURICATA Modbus invalid Function code"; app-layer-event:modbus.invalid_function_code; classtype:protocol-command-decode; sid:2250005; rev:2;)" from file /etc/suricata/rules/modbus-events.rules at line 8
[562040 - Suricata-Main] 2026-07-02 21:12:46 Error: detect-parse: protocol "modbus" cannot be used in a signature.  Either detection for this protocol is not yet supported OR detection has been disabled for protocol through the yaml option app-layer.protocols.modbus.detection-enabled
[562040 - Suricata-Main] 2026-07-02 21:12:46 Error: detect: error parsing signature "alert modbus any any -> any any (msg:"SURICATA Modbus invalid Value"; app-layer-event:modbus.invalid_value; classtype:protocol-command-decode; sid:2250006; rev:2;)" from file /etc/suricata/rules/modbus-events.rules at line 10
[562040 - Suricata-Main] 2026-07-02 21:12:46 Error: detect-parse: protocol "modbus" cannot be used in a signature.  Either detection for this protocol is not yet supported OR detection has been disabled for protocol through the yaml option app-layer.protocols.modbus.detection-enabled
[562040 - Suricata-Main] 2026-07-02 21:12:46 Error: detect: error parsing signature "alert modbus any any -> any any (msg:"SURICATA Modbus Exception code invalid"; flow:to_client; app-layer-event:modbus.invalid_exception_code; classtype:protocol-command-decode; sid:2250007; rev:2;)" from file /etc/suricata/rules/modbus-events.rules at line 12
[562040 - Suricata-Main] 2026-07-02 21:12:46 Error: detect-parse: protocol "modbus" cannot be used in a signature.  Either detection for this protocol is not yet supported OR detection has been disabled for protocol through the yaml option app-layer.protocols.modbus.detection-enabled
[562040 - Suricata-Main] 2026-07-02 21:12:46 Error: detect: error parsing signature "alert modbus any any -> any any (msg:"SURICATA Modbus Data mismatch"; flow:to_client; app-layer-event:modbus.value_mismatch; classtype:protocol-command-decode; sid:2250008; rev:2;)" from file /etc/suricata/rules/modbus-events.rules at line 14
[562040 - Suricata-Main] 2026-07-02 21:12:46 Error: detect-parse: protocol "modbus" cannot be used in a signature.  Either detection for this protocol is not yet supported OR detection has been disabled for protocol through the yaml option app-layer.protocols.modbus.detection-enabled
[562040 - Suricata-Main] 2026-07-02 21:12:46 Error: detect: error parsing signature "alert modbus any any -> any any (msg:"SURICATA Modbus Request flood detected"; flow:to_server; app-layer-event:modbus.flooded; classtype:protocol-command-decode; sid:2250009; rev:2;)" from file /etc/suricata/rules/modbus-events.rules at line 16
[562040 - Suricata-Main] 2026-07-02 21:12:46 Info: detect: 20 rule files processed. 240 rules successfully loaded, 15 rules failed, 0
[562040 - Suricata-Main] 2026-07-02 21:12:46 Info: threshold-config: Threshold config parsed: 0 rule(s) found
[562040 - Suricata-Main] 2026-07-02 21:12:46 Info: detect: 240 signatures processed. 0 are IP-only rules, 0 are inspecting packet payload, 173 inspect application layer, 0 are decoder event only
[562040 - Suricata-Main] 2026-07-02 21:12:46 Info: unix-manager: unix socket '/var/run/suricata-command.socket'
[562040 - Suricata-Main] 2026-07-02 21:12:46 Warning: unix-manager: Unix socket: UNIX socket bind(/var/run/suricata-command.socket) error: Address already in use
[562040 - Suricata-Main] 2026-07-02 21:12:46 Warning: unix-manager: Unable to create unix command socket
[562042 - RX#01] 2026-07-02 21:12:46 Info: pcap: Starting file run for /home/pritam/work/bug-bounty/bugbountydir/suricata-soc-platform/pcaps/lokibot.pcap
[562040 - Suricata-Main] 2026-07-02 21:12:46 Notice: threads: Threads created -> RX: 1 W: 12 FM: 1 FR: 1   Engine started.
[562042 - RX#01] 2026-07-02 21:12:46 Info: checksum: No packets with invalid checksum, assuming checksum offloading is NOT used
[562042 - RX#01] 2026-07-02 21:12:46 Info: pcap: pcap file /home/pritam/work/bug-bounty/bugbountydir/suricata-soc-platform/pcaps/lokibot.pcap end of file reached (pcap err code 0)
[562040 - Suricata-Main] 2026-07-02 21:12:46 Notice: suricata: Signal Received.  Stopping engine.
[562040 - Suricata-Main] 2026-07-02 21:12:46 Info: suricata: time elapsed 0.109s
[562042 - RX#01] 2026-07-02 21:12:46 Notice: pcap: read 1 file, 3679 packets, 2391470 bytes
[562040 - Suricata-Main] 2026-07-02 21:12:46 Info: counters: Alerts: 3
[562080 - Suricata-Main] 2026-07-02 21:12:46 Notice: suricata: This is Suricata version 7.0.10 RELEASE running in USER mode
[562080 - Suricata-Main] 2026-07-02 21:12:46 Info: cpu: CPUs/cores online: 12
[562080 - Suricata-Main] 2026-07-02 21:12:46 Info: suricata: Setting engine mode to IDS mode by default
[562080 - Suricata-Main] 2026-07-02 21:12:46 Info: exception-policy: master exception-policy set to: auto
[562080 - Suricata-Main] 2026-07-02 21:12:46 Info: logopenfile: fast output device (regular) initialized: fast.log
[562080 - Suricata-Main] 2026-07-02 21:12:46 Info: logopenfile: eve-log output device (regular) initialized: eve.json
[562080 - Suricata-Main] 2026-07-02 21:12:46 Info: logopenfile: stats output device (regular) initialized: stats.log
[562080 - Suricata-Main] 2026-07-02 21:12:46 Error: detect-parse: Signature combines packet specific matches (like dsize, flags, ttl) with stream / state matching by matching on app layer proto (like using http_* keywords).
[562080 - Suricata-Main] 2026-07-02 21:12:46 Error: detect: error parsing signature "alert http $HOME_NET any -> any 80 (msg:"STRATEGIC-INTEL: Potentially Malicious HTTP Persistence Detected"; flow:to_server,established; content:"GET"; http_method; dsize:<500; threshold:type limit, track by_src, count 1, seconds 60; sid:1000001; rev:1;)" from file /etc/suricata/rules/custom.rules at line 1
[562080 - Suricata-Main] 2026-07-02 21:12:46 Error: detect-parse: Signature combines packet specific matches (like dsize, flags, ttl) with stream / state matching by matching on app layer proto (like using http_* keywords).
[562080 - Suricata-Main] 2026-07-02 21:12:46 Error: detect: error parsing signature "alert http $HOME_NET any -> any 80 (msg:"STRATEGIC-INTEL: Potentially Malicious HTTP Persistence Detected"; flow:to_server,established; content:"GET"; http_method; dsize:<500; sid:1000001; rev:1;)" from file /etc/suricata/rules/custom.rules at line 2
[562080 - Suricata-Main] 2026-07-02 21:12:46 Error: detect-parse: protocol "dnp3" cannot be used in a signature.  Either detection for this protocol is not yet supported OR detection has been disabled for protocol through the yaml option app-layer.protocols.dnp3.detection-enabled
[562080 - Suricata-Main] 2026-07-02 21:12:46 Error: detect: error parsing signature "alert dnp3 any any -> any any (msg:"SURICATA DNP3 Request flood detected";       app-layer-event:dnp3.flooded; classtype:protocol-command-decode; sid:2270000; rev:2;)" from file /etc/suricata/rules/dnp3-events.rules at line 7
[562080 - Suricata-Main] 2026-07-02 21:12:46 Error: detect-parse: protocol "dnp3" cannot be used in a signature.  Either detection for this protocol is not yet supported OR detection has been disabled for protocol through the yaml option app-layer.protocols.dnp3.detection-enabled
[562080 - Suricata-Main] 2026-07-02 21:12:46 Error: detect: error parsing signature "alert dnp3 any any -> any any (msg:"SURICATA DNP3 Length too small";       app-layer-event:dnp3.len_too_small; classtype:protocol-command-decode; sid:2270001; rev:3;)" from file /etc/suricata/rules/dnp3-events.rules at line 13
[562080 - Suricata-Main] 2026-07-02 21:12:46 Error: detect-parse: protocol "dnp3" cannot be used in a signature.  Either detection for this protocol is not yet supported OR detection has been disabled for protocol through the yaml option app-layer.protocols.dnp3.detection-enabled
[562080 - Suricata-Main] 2026-07-02 21:12:46 Error: detect: error parsing signature "alert dnp3 any any -> any any (msg:"SURICATA DNP3 Bad link CRC";       app-layer-event:dnp3.bad_link_crc; classtype:protocol-command-decode; sid:2270002; rev:2;)" from file /etc/suricata/rules/dnp3-events.rules at line 17
[562080 - Suricata-Main] 2026-07-02 21:12:46 Error: detect-parse: protocol "dnp3" cannot be used in a signature.  Either detection for this protocol is not yet supported OR detection has been disabled for protocol through the yaml option app-layer.protocols.dnp3.detection-enabled
[562080 - Suricata-Main] 2026-07-02 21:12:46 Error: detect: error parsing signature "alert dnp3 any any -> any any (msg:"SURICATA DNP3 Bad transport CRC";       app-layer-event:dnp3.bad_transport_crc; classtype:protocol-command-decode; sid:2270003; rev:2;)" from file /etc/suricata/rules/dnp3-events.rules at line 21
[562080 - Suricata-Main] 2026-07-02 21:12:46 Error: detect-parse: protocol "dnp3" cannot be used in a signature.  Either detection for this protocol is not yet supported OR detection has been disabled for protocol through the yaml option app-layer.protocols.dnp3.detection-enabled
[562080 - Suricata-Main] 2026-07-02 21:12:46 Error: detect: error parsing signature "alert dnp3 any any -> any any (msg:"SURICATA DNP3 Unknown object";       app-layer-event:dnp3.unknown_object; classtype:protocol-command-decode; sid:2270004; rev:2;)" from file /etc/suricata/rules/dnp3-events.rules at line 25
[562080 - Suricata-Main] 2026-07-02 21:12:46 Error: detect-parse: protocol "modbus" cannot be used in a signature.  Either detection for this protocol is not yet supported OR detection has been disabled for protocol through the yaml option app-layer.protocols.modbus.detection-enabled
[562080 - Suricata-Main] 2026-07-02 21:12:46 Error: detect: error parsing signature "alert modbus any any -> any any (msg:"SURICATA Modbus invalid Protocol version"; app-layer-event:modbus.invalid_protocol_id; classtype:protocol-command-decode; sid:2250001; rev:2;)" from file /etc/suricata/rules/modbus-events.rules at line 2
[562080 - Suricata-Main] 2026-07-02 21:12:46 Error: detect-parse: protocol "modbus" cannot be used in a signature.  Either detection for this protocol is not yet supported OR detection has been disabled for protocol through the yaml option app-layer.protocols.modbus.detection-enabled
[562080 - Suricata-Main] 2026-07-02 21:12:46 Error: detect: error parsing signature "alert modbus any any -> any any (msg:"SURICATA Modbus unsolicited response"; app-layer-event:modbus.unsolicited_response; classtype:protocol-command-decode; sid:2250002; rev:2;)" from file /etc/suricata/rules/modbus-events.rules at line 4
[562080 - Suricata-Main] 2026-07-02 21:12:46 Error: detect-parse: protocol "modbus" cannot be used in a signature.  Either detection for this protocol is not yet supported OR detection has been disabled for protocol through the yaml option app-layer.protocols.modbus.detection-enabled
[562080 - Suricata-Main] 2026-07-02 21:12:46 Error: detect: error parsing signature "alert modbus any any -> any any (msg:"SURICATA Modbus invalid Length"; app-layer-event:modbus.invalid_length; classtype:protocol-command-decode; sid:2250003; rev:2;)" from file /etc/suricata/rules/modbus-events.rules at line 6
[562080 - Suricata-Main] 2026-07-02 21:12:46 Error: detect-parse: protocol "modbus" cannot be used in a signature.  Either detection for this protocol is not yet supported OR detection has been disabled for protocol through the yaml option app-layer.protocols.modbus.detection-enabled
[562080 - Suricata-Main] 2026-07-02 21:12:46 Error: detect: error parsing signature "alert modbus any any -> any any (msg:"SURICATA Modbus invalid Function code"; app-layer-event:modbus.invalid_function_code; classtype:protocol-command-decode; sid:2250005; rev:2;)" from file /etc/suricata/rules/modbus-events.rules at line 8
[562080 - Suricata-Main] 2026-07-02 21:12:46 Error: detect-parse: protocol "modbus" cannot be used in a signature.  Either detection for this protocol is not yet supported OR detection has been disabled for protocol through the yaml option app-layer.protocols.modbus.detection-enabled
[562080 - Suricata-Main] 2026-07-02 21:12:46 Error: detect: error parsing signature "alert modbus any any -> any any (msg:"SURICATA Modbus invalid Value"; app-layer-event:modbus.invalid_value; classtype:protocol-command-decode; sid:2250006; rev:2;)" from file /etc/suricata/rules/modbus-events.rules at line 10
[562080 - Suricata-Main] 2026-07-02 21:12:46 Error: detect-parse: protocol "modbus" cannot be used in a signature.  Either detection for this protocol is not yet supported OR detection has been disabled for protocol through the yaml option app-layer.protocols.modbus.detection-enabled
[562080 - Suricata-Main] 2026-07-02 21:12:46 Error: detect: error parsing signature "alert modbus any any -> any any (msg:"SURICATA Modbus Exception code invalid"; flow:to_client; app-layer-event:modbus.invalid_exception_code; classtype:protocol-command-decode; sid:2250007; rev:2;)" from file /etc/suricata/rules/modbus-events.rules at line 12
[562080 - Suricata-Main] 2026-07-02 21:12:46 Error: detect-parse: protocol "modbus" cannot be used in a signature.  Either detection for this protocol is not yet supported OR detection has been disabled for protocol through the yaml option app-layer.protocols.modbus.detection-enabled
[562080 - Suricata-Main] 2026-07-02 21:12:46 Error: detect: error parsing signature "alert modbus any any -> any any (msg:"SURICATA Modbus Data mismatch"; flow:to_client; app-layer-event:modbus.value_mismatch; classtype:protocol-command-decode; sid:2250008; rev:2;)" from file /etc/suricata/rules/modbus-events.rules at line 14
[562080 - Suricata-Main] 2026-07-02 21:12:46 Error: detect-parse: protocol "modbus" cannot be used in a signature.  Either detection for this protocol is not yet supported OR detection has been disabled for protocol through the yaml option app-layer.protocols.modbus.detection-enabled
[562080 - Suricata-Main] 2026-07-02 21:12:46 Error: detect: error parsing signature "alert modbus any any -> any any (msg:"SURICATA Modbus Request flood detected"; flow:to_server; app-layer-event:modbus.flooded; classtype:protocol-command-decode; sid:2250009; rev:2;)" from file /etc/suricata/rules/modbus-events.rules at line 16
[562080 - Suricata-Main] 2026-07-02 21:12:46 Info: detect: 20 rule files processed. 240 rules successfully loaded, 15 rules failed, 0
[562080 - Suricata-Main] 2026-07-02 21:12:46 Info: threshold-config: Threshold config parsed: 0 rule(s) found
[562080 - Suricata-Main] 2026-07-02 21:12:46 Info: detect: 240 signatures processed. 0 are IP-only rules, 0 are inspecting packet payload, 173 inspect application layer, 0 are decoder event only
[562080 - Suricata-Main] 2026-07-02 21:12:46 Info: unix-manager: unix socket '/var/run/suricata-command.socket'
[562080 - Suricata-Main] 2026-07-02 21:12:46 Warning: unix-manager: Unix socket: UNIX socket bind(/var/run/suricata-command.socket) error: Address already in use
[562080 - Suricata-Main] 2026-07-02 21:12:46 Warning: unix-manager: Unable to create unix command socket
[562089 - RX#01] 2026-07-02 21:12:46 Info: pcap: Starting file run for /home/pritam/work/bug-bounty/bugbountydir/suricata-soc-platform/pcaps/lumma-stealer.pcap
[562080 - Suricata-Main] 2026-07-02 21:12:46 Notice: threads: Threads created -> RX: 1 W: 12 FM: 1 FR: 1   Engine started.
[562089 - RX#01] 2026-07-02 21:12:46 Info: checksum: No packets with invalid checksum, assuming checksum offloading is NOT used
[562089 - RX#01] 2026-07-02 21:12:46 Info: pcap: pcap file /home/pritam/work/bug-bounty/bugbountydir/suricata-soc-platform/pcaps/lumma-stealer.pcap end of file reached (pcap err code 0)
[562080 - Suricata-Main] 2026-07-02 21:12:46 Notice: suricata: Signal Received.  Stopping engine.
[562080 - Suricata-Main] 2026-07-02 21:12:46 Info: suricata: time elapsed 0.123s
[562089 - RX#01] 2026-07-02 21:12:46 Notice: pcap: read 1 file, 17013 packets, 19393172 bytes
[562080 - Suricata-Main] 2026-07-02 21:12:46 Info: counters: Alerts: 9
[562114 - Suricata-Main] 2026-07-02 21:12:46 Notice: suricata: This is Suricata version 7.0.10 RELEASE running in USER mode
[562114 - Suricata-Main] 2026-07-02 21:12:46 Info: cpu: CPUs/cores online: 12
[562114 - Suricata-Main] 2026-07-02 21:12:46 Info: suricata: Setting engine mode to IDS mode by default
[562114 - Suricata-Main] 2026-07-02 21:12:46 Info: exception-policy: master exception-policy set to: auto
[562114 - Suricata-Main] 2026-07-02 21:12:46 Info: logopenfile: fast output device (regular) initialized: fast.log
[562114 - Suricata-Main] 2026-07-02 21:12:46 Info: logopenfile: eve-log output device (regular) initialized: eve.json
[562114 - Suricata-Main] 2026-07-02 21:12:46 Info: logopenfile: stats output device (regular) initialized: stats.log
[562114 - Suricata-Main] 2026-07-02 21:12:46 Error: detect-parse: Signature combines packet specific matches (like dsize, flags, ttl) with stream / state matching by matching on app layer proto (like using http_* keywords).
[562114 - Suricata-Main] 2026-07-02 21:12:46 Error: detect: error parsing signature "alert http $HOME_NET any -> any 80 (msg:"STRATEGIC-INTEL: Potentially Malicious HTTP Persistence Detected"; flow:to_server,established; content:"GET"; http_method; dsize:<500; threshold:type limit, track by_src, count 1, seconds 60; sid:1000001; rev:1;)" from file /etc/suricata/rules/custom.rules at line 1
[562114 - Suricata-Main] 2026-07-02 21:12:46 Error: detect-parse: Signature combines packet specific matches (like dsize, flags, ttl) with stream / state matching by matching on app layer proto (like using http_* keywords).
[562114 - Suricata-Main] 2026-07-02 21:12:46 Error: detect: error parsing signature "alert http $HOME_NET any -> any 80 (msg:"STRATEGIC-INTEL: Potentially Malicious HTTP Persistence Detected"; flow:to_server,established; content:"GET"; http_method; dsize:<500; sid:1000001; rev:1;)" from file /etc/suricata/rules/custom.rules at line 2
[562114 - Suricata-Main] 2026-07-02 21:12:46 Error: detect-parse: protocol "dnp3" cannot be used in a signature.  Either detection for this protocol is not yet supported OR detection has been disabled for protocol through the yaml option app-layer.protocols.dnp3.detection-enabled
[562114 - Suricata-Main] 2026-07-02 21:12:46 Error: detect: error parsing signature "alert dnp3 any any -> any any (msg:"SURICATA DNP3 Request flood detected";       app-layer-event:dnp3.flooded; classtype:protocol-command-decode; sid:2270000; rev:2;)" from file /etc/suricata/rules/dnp3-events.rules at line 7
[562114 - Suricata-Main] 2026-07-02 21:12:46 Error: detect-parse: protocol "dnp3" cannot be used in a signature.  Either detection for this protocol is not yet supported OR detection has been disabled for protocol through the yaml option app-layer.protocols.dnp3.detection-enabled
[562114 - Suricata-Main] 2026-07-02 21:12:46 Error: detect: error parsing signature "alert dnp3 any any -> any any (msg:"SURICATA DNP3 Length too small";       app-layer-event:dnp3.len_too_small; classtype:protocol-command-decode; sid:2270001; rev:3;)" from file /etc/suricata/rules/dnp3-events.rules at line 13
[562114 - Suricata-Main] 2026-07-02 21:12:46 Error: detect-parse: protocol "dnp3" cannot be used in a signature.  Either detection for this protocol is not yet supported OR detection has been disabled for protocol through the yaml option app-layer.protocols.dnp3.detection-enabled
[562114 - Suricata-Main] 2026-07-02 21:12:46 Error: detect: error parsing signature "alert dnp3 any any -> any any (msg:"SURICATA DNP3 Bad link CRC";       app-layer-event:dnp3.bad_link_crc; classtype:protocol-command-decode; sid:2270002; rev:2;)" from file /etc/suricata/rules/dnp3-events.rules at line 17
[562114 - Suricata-Main] 2026-07-02 21:12:46 Error: detect-parse: protocol "dnp3" cannot be used in a signature.  Either detection for this protocol is not yet supported OR detection has been disabled for protocol through the yaml option app-layer.protocols.dnp3.detection-enabled
[562114 - Suricata-Main] 2026-07-02 21:12:46 Error: detect: error parsing signature "alert dnp3 any any -> any any (msg:"SURICATA DNP3 Bad transport CRC";       app-layer-event:dnp3.bad_transport_crc; classtype:protocol-command-decode; sid:2270003; rev:2;)" from file /etc/suricata/rules/dnp3-events.rules at line 21
[562114 - Suricata-Main] 2026-07-02 21:12:46 Error: detect-parse: protocol "dnp3" cannot be used in a signature.  Either detection for this protocol is not yet supported OR detection has been disabled for protocol through the yaml option app-layer.protocols.dnp3.detection-enabled
[562114 - Suricata-Main] 2026-07-02 21:12:46 Error: detect: error parsing signature "alert dnp3 any any -> any any (msg:"SURICATA DNP3 Unknown object";       app-layer-event:dnp3.unknown_object; classtype:protocol-command-decode; sid:2270004; rev:2;)" from file /etc/suricata/rules/dnp3-events.rules at line 25
[562114 - Suricata-Main] 2026-07-02 21:12:46 Error: detect-parse: protocol "modbus" cannot be used in a signature.  Either detection for this protocol is not yet supported OR detection has been disabled for protocol through the yaml option app-layer.protocols.modbus.detection-enabled
[562114 - Suricata-Main] 2026-07-02 21:12:46 Error: detect: error parsing signature "alert modbus any any -> any any (msg:"SURICATA Modbus invalid Protocol version"; app-layer-event:modbus.invalid_protocol_id; classtype:protocol-command-decode; sid:2250001; rev:2;)" from file /etc/suricata/rules/modbus-events.rules at line 2
[562114 - Suricata-Main] 2026-07-02 21:12:46 Error: detect-parse: protocol "modbus" cannot be used in a signature.  Either detection for this protocol is not yet supported OR detection has been disabled for protocol through the yaml option app-layer.protocols.modbus.detection-enabled
[562114 - Suricata-Main] 2026-07-02 21:12:46 Error: detect: error parsing signature "alert modbus any any -> any any (msg:"SURICATA Modbus unsolicited response"; app-layer-event:modbus.unsolicited_response; classtype:protocol-command-decode; sid:2250002; rev:2;)" from file /etc/suricata/rules/modbus-events.rules at line 4
[562114 - Suricata-Main] 2026-07-02 21:12:46 Error: detect-parse: protocol "modbus" cannot be used in a signature.  Either detection for this protocol is not yet supported OR detection has been disabled for protocol through the yaml option app-layer.protocols.modbus.detection-enabled
[562114 - Suricata-Main] 2026-07-02 21:12:46 Error: detect: error parsing signature "alert modbus any any -> any any (msg:"SURICATA Modbus invalid Length"; app-layer-event:modbus.invalid_length; classtype:protocol-command-decode; sid:2250003; rev:2;)" from file /etc/suricata/rules/modbus-events.rules at line 6
[562114 - Suricata-Main] 2026-07-02 21:12:46 Error: detect-parse: protocol "modbus" cannot be used in a signature.  Either detection for this protocol is not yet supported OR detection has been disabled for protocol through the yaml option app-layer.protocols.modbus.detection-enabled
[562114 - Suricata-Main] 2026-07-02 21:12:46 Error: detect: error parsing signature "alert modbus any any -> any any (msg:"SURICATA Modbus invalid Function code"; app-layer-event:modbus.invalid_function_code; classtype:protocol-command-decode; sid:2250005; rev:2;)" from file /etc/suricata/rules/modbus-events.rules at line 8
[562114 - Suricata-Main] 2026-07-02 21:12:46 Error: detect-parse: protocol "modbus" cannot be used in a signature.  Either detection for this protocol is not yet supported OR detection has been disabled for protocol through the yaml option app-layer.protocols.modbus.detection-enabled
[562114 - Suricata-Main] 2026-07-02 21:12:46 Error: detect: error parsing signature "alert modbus any any -> any any (msg:"SURICATA Modbus invalid Value"; app-layer-event:modbus.invalid_value; classtype:protocol-command-decode; sid:2250006; rev:2;)" from file /etc/suricata/rules/modbus-events.rules at line 10
[562114 - Suricata-Main] 2026-07-02 21:12:46 Error: detect-parse: protocol "modbus" cannot be used in a signature.  Either detection for this protocol is not yet supported OR detection has been disabled for protocol through the yaml option app-layer.protocols.modbus.detection-enabled
[562114 - Suricata-Main] 2026-07-02 21:12:46 Error: detect: error parsing signature "alert modbus any any -> any any (msg:"SURICATA Modbus Exception code invalid"; flow:to_client; app-layer-event:modbus.invalid_exception_code; classtype:protocol-command-decode; sid:2250007; rev:2;)" from file /etc/suricata/rules/modbus-events.rules at line 12
[562114 - Suricata-Main] 2026-07-02 21:12:46 Error: detect-parse: protocol "modbus" cannot be used in a signature.  Either detection for this protocol is not yet supported OR detection has been disabled for protocol through the yaml option app-layer.protocols.modbus.detection-enabled
[562114 - Suricata-Main] 2026-07-02 21:12:46 Error: detect: error parsing signature "alert modbus any any -> any any (msg:"SURICATA Modbus Data mismatch"; flow:to_client; app-layer-event:modbus.value_mismatch; classtype:protocol-command-decode; sid:2250008; rev:2;)" from file /etc/suricata/rules/modbus-events.rules at line 14
[562114 - Suricata-Main] 2026-07-02 21:12:46 Error: detect-parse: protocol "modbus" cannot be used in a signature.  Either detection for this protocol is not yet supported OR detection has been disabled for protocol through the yaml option app-layer.protocols.modbus.detection-enabled
[562114 - Suricata-Main] 2026-07-02 21:12:46 Error: detect: error parsing signature "alert modbus any any -> any any (msg:"SURICATA Modbus Request flood detected"; flow:to_server; app-layer-event:modbus.flooded; classtype:protocol-command-decode; sid:2250009; rev:2;)" from file /etc/suricata/rules/modbus-events.rules at line 16
[562114 - Suricata-Main] 2026-07-02 21:12:46 Info: detect: 20 rule files processed. 240 rules successfully loaded, 15 rules failed, 0
[562114 - Suricata-Main] 2026-07-02 21:12:46 Info: threshold-config: Threshold config parsed: 0 rule(s) found
[562114 - Suricata-Main] 2026-07-02 21:12:46 Info: detect: 240 signatures processed. 0 are IP-only rules, 0 are inspecting packet payload, 173 inspect application layer, 0 are decoder event only
[562114 - Suricata-Main] 2026-07-02 21:12:46 Info: unix-manager: unix socket '/var/run/suricata-command.socket'
[562114 - Suricata-Main] 2026-07-02 21:12:46 Warning: unix-manager: Unix socket: UNIX socket bind(/var/run/suricata-command.socket) error: Address already in use
[562114 - Suricata-Main] 2026-07-02 21:12:46 Warning: unix-manager: Unable to create unix command socket
[562116 - RX#01] 2026-07-02 21:12:46 Info: pcap: Starting file run for /home/pritam/work/bug-bounty/bugbountydir/suricata-soc-platform/pcaps/ms17-010.pcap
[562114 - Suricata-Main] 2026-07-02 21:12:46 Notice: threads: Threads created -> RX: 1 W: 12 FM: 1 FR: 1   Engine started.
[562116 - RX#01] 2026-07-02 21:12:46 Info: pcap: pcap file /home/pritam/work/bug-bounty/bugbountydir/suricata-soc-platform/pcaps/ms17-010.pcap end of file reached (pcap err code 0)
[562114 - Suricata-Main] 2026-07-02 21:12:46 Notice: suricata: Signal Received.  Stopping engine.
[562114 - Suricata-Main] 2026-07-02 21:12:46 Info: suricata: time elapsed 0.103s
[562116 - RX#01] 2026-07-02 21:12:46 Notice: pcap: read 1 file, 719 packets, 648533 bytes
[562114 - Suricata-Main] 2026-07-02 21:12:46 Info: counters: Alerts: 2
[562147 - Suricata-Main] 2026-07-02 21:12:46 Notice: suricata: This is Suricata version 7.0.10 RELEASE running in USER mode
[562147 - Suricata-Main] 2026-07-02 21:12:46 Info: cpu: CPUs/cores online: 12
[562147 - Suricata-Main] 2026-07-02 21:12:46 Info: suricata: Setting engine mode to IDS mode by default
[562147 - Suricata-Main] 2026-07-02 21:12:46 Info: exception-policy: master exception-policy set to: auto
[562147 - Suricata-Main] 2026-07-02 21:12:47 Info: logopenfile: fast output device (regular) initialized: fast.log
[562147 - Suricata-Main] 2026-07-02 21:12:47 Info: logopenfile: eve-log output device (regular) initialized: eve.json
[562147 - Suricata-Main] 2026-07-02 21:12:47 Info: logopenfile: stats output device (regular) initialized: stats.log
[562147 - Suricata-Main] 2026-07-02 21:12:47 Error: detect-parse: Signature combines packet specific matches (like dsize, flags, ttl) with stream / state matching by matching on app layer proto (like using http_* keywords).
[562147 - Suricata-Main] 2026-07-02 21:12:47 Error: detect: error parsing signature "alert http $HOME_NET any -> any 80 (msg:"STRATEGIC-INTEL: Potentially Malicious HTTP Persistence Detected"; flow:to_server,established; content:"GET"; http_method; dsize:<500; threshold:type limit, track by_src, count 1, seconds 60; sid:1000001; rev:1;)" from file /etc/suricata/rules/custom.rules at line 1
[562147 - Suricata-Main] 2026-07-02 21:12:47 Error: detect-parse: Signature combines packet specific matches (like dsize, flags, ttl) with stream / state matching by matching on app layer proto (like using http_* keywords).
[562147 - Suricata-Main] 2026-07-02 21:12:47 Error: detect: error parsing signature "alert http $HOME_NET any -> any 80 (msg:"STRATEGIC-INTEL: Potentially Malicious HTTP Persistence Detected"; flow:to_server,established; content:"GET"; http_method; dsize:<500; sid:1000001; rev:1;)" from file /etc/suricata/rules/custom.rules at line 2
[562147 - Suricata-Main] 2026-07-02 21:12:47 Error: detect-parse: protocol "dnp3" cannot be used in a signature.  Either detection for this protocol is not yet supported OR detection has been disabled for protocol through the yaml option app-layer.protocols.dnp3.detection-enabled
[562147 - Suricata-Main] 2026-07-02 21:12:47 Error: detect: error parsing signature "alert dnp3 any any -> any any (msg:"SURICATA DNP3 Request flood detected";       app-layer-event:dnp3.flooded; classtype:protocol-command-decode; sid:2270000; rev:2;)" from file /etc/suricata/rules/dnp3-events.rules at line 7
[562147 - Suricata-Main] 2026-07-02 21:12:47 Error: detect-parse: protocol "dnp3" cannot be used in a signature.  Either detection for this protocol is not yet supported OR detection has been disabled for protocol through the yaml option app-layer.protocols.dnp3.detection-enabled
[562147 - Suricata-Main] 2026-07-02 21:12:47 Error: detect: error parsing signature "alert dnp3 any any -> any any (msg:"SURICATA DNP3 Length too small";       app-layer-event:dnp3.len_too_small; classtype:protocol-command-decode; sid:2270001; rev:3;)" from file /etc/suricata/rules/dnp3-events.rules at line 13
[562147 - Suricata-Main] 2026-07-02 21:12:47 Error: detect-parse: protocol "dnp3" cannot be used in a signature.  Either detection for this protocol is not yet supported OR detection has been disabled for protocol through the yaml option app-layer.protocols.dnp3.detection-enabled
[562147 - Suricata-Main] 2026-07-02 21:12:47 Error: detect: error parsing signature "alert dnp3 any any -> any any (msg:"SURICATA DNP3 Bad link CRC";       app-layer-event:dnp3.bad_link_crc; classtype:protocol-command-decode; sid:2270002; rev:2;)" from file /etc/suricata/rules/dnp3-events.rules at line 17
[562147 - Suricata-Main] 2026-07-02 21:12:47 Error: detect-parse: protocol "dnp3" cannot be used in a signature.  Either detection for this protocol is not yet supported OR detection has been disabled for protocol through the yaml option app-layer.protocols.dnp3.detection-enabled
[562147 - Suricata-Main] 2026-07-02 21:12:47 Error: detect: error parsing signature "alert dnp3 any any -> any any (msg:"SURICATA DNP3 Bad transport CRC";       app-layer-event:dnp3.bad_transport_crc; classtype:protocol-command-decode; sid:2270003; rev:2;)" from file /etc/suricata/rules/dnp3-events.rules at line 21
[562147 - Suricata-Main] 2026-07-02 21:12:47 Error: detect-parse: protocol "dnp3" cannot be used in a signature.  Either detection for this protocol is not yet supported OR detection has been disabled for protocol through the yaml option app-layer.protocols.dnp3.detection-enabled
[562147 - Suricata-Main] 2026-07-02 21:12:47 Error: detect: error parsing signature "alert dnp3 any any -> any any (msg:"SURICATA DNP3 Unknown object";       app-layer-event:dnp3.unknown_object; classtype:protocol-command-decode; sid:2270004; rev:2;)" from file /etc/suricata/rules/dnp3-events.rules at line 25
[562147 - Suricata-Main] 2026-07-02 21:12:47 Error: detect-parse: protocol "modbus" cannot be used in a signature.  Either detection for this protocol is not yet supported OR detection has been disabled for protocol through the yaml option app-layer.protocols.modbus.detection-enabled
[562147 - Suricata-Main] 2026-07-02 21:12:47 Error: detect: error parsing signature "alert modbus any any -> any any (msg:"SURICATA Modbus invalid Protocol version"; app-layer-event:modbus.invalid_protocol_id; classtype:protocol-command-decode; sid:2250001; rev:2;)" from file /etc/suricata/rules/modbus-events.rules at line 2
[562147 - Suricata-Main] 2026-07-02 21:12:47 Error: detect-parse: protocol "modbus" cannot be used in a signature.  Either detection for this protocol is not yet supported OR detection has been disabled for protocol through the yaml option app-layer.protocols.modbus.detection-enabled
[562147 - Suricata-Main] 2026-07-02 21:12:47 Error: detect: error parsing signature "alert modbus any any -> any any (msg:"SURICATA Modbus unsolicited response"; app-layer-event:modbus.unsolicited_response; classtype:protocol-command-decode; sid:2250002; rev:2;)" from file /etc/suricata/rules/modbus-events.rules at line 4
[562147 - Suricata-Main] 2026-07-02 21:12:47 Error: detect-parse: protocol "modbus" cannot be used in a signature.  Either detection for this protocol is not yet supported OR detection has been disabled for protocol through the yaml option app-layer.protocols.modbus.detection-enabled
[562147 - Suricata-Main] 2026-07-02 21:12:47 Error: detect: error parsing signature "alert modbus any any -> any any (msg:"SURICATA Modbus invalid Length"; app-layer-event:modbus.invalid_length; classtype:protocol-command-decode; sid:2250003; rev:2;)" from file /etc/suricata/rules/modbus-events.rules at line 6
[562147 - Suricata-Main] 2026-07-02 21:12:47 Error: detect-parse: protocol "modbus" cannot be used in a signature.  Either detection for this protocol is not yet supported OR detection has been disabled for protocol through the yaml option app-layer.protocols.modbus.detection-enabled
[562147 - Suricata-Main] 2026-07-02 21:12:47 Error: detect: error parsing signature "alert modbus any any -> any any (msg:"SURICATA Modbus invalid Function code"; app-layer-event:modbus.invalid_function_code; classtype:protocol-command-decode; sid:2250005; rev:2;)" from file /etc/suricata/rules/modbus-events.rules at line 8
[562147 - Suricata-Main] 2026-07-02 21:12:47 Error: detect-parse: protocol "modbus" cannot be used in a signature.  Either detection for this protocol is not yet supported OR detection has been disabled for protocol through the yaml option app-layer.protocols.modbus.detection-enabled
[562147 - Suricata-Main] 2026-07-02 21:12:47 Error: detect: error parsing signature "alert modbus any any -> any any (msg:"SURICATA Modbus invalid Value"; app-layer-event:modbus.invalid_value; classtype:protocol-command-decode; sid:2250006; rev:2;)" from file /etc/suricata/rules/modbus-events.rules at line 10
[562147 - Suricata-Main] 2026-07-02 21:12:47 Error: detect-parse: protocol "modbus" cannot be used in a signature.  Either detection for this protocol is not yet supported OR detection has been disabled for protocol through the yaml option app-layer.protocols.modbus.detection-enabled
[562147 - Suricata-Main] 2026-07-02 21:12:47 Error: detect: error parsing signature "alert modbus any any -> any any (msg:"SURICATA Modbus Exception code invalid"; flow:to_client; app-layer-event:modbus.invalid_exception_code; classtype:protocol-command-decode; sid:2250007; rev:2;)" from file /etc/suricata/rules/modbus-events.rules at line 12
[562147 - Suricata-Main] 2026-07-02 21:12:47 Error: detect-parse: protocol "modbus" cannot be used in a signature.  Either detection for this protocol is not yet supported OR detection has been disabled for protocol through the yaml option app-layer.protocols.modbus.detection-enabled
[562147 - Suricata-Main] 2026-07-02 21:12:47 Error: detect: error parsing signature "alert modbus any any -> any any (msg:"SURICATA Modbus Data mismatch"; flow:to_client; app-layer-event:modbus.value_mismatch; classtype:protocol-command-decode; sid:2250008; rev:2;)" from file /etc/suricata/rules/modbus-events.rules at line 14
[562147 - Suricata-Main] 2026-07-02 21:12:47 Error: detect-parse: protocol "modbus" cannot be used in a signature.  Either detection for this protocol is not yet supported OR detection has been disabled for protocol through the yaml option app-layer.protocols.modbus.detection-enabled
[562147 - Suricata-Main] 2026-07-02 21:12:47 Error: detect: error parsing signature "alert modbus any any -> any any (msg:"SURICATA Modbus Request flood detected"; flow:to_server; app-layer-event:modbus.flooded; classtype:protocol-command-decode; sid:2250009; rev:2;)" from file /etc/suricata/rules/modbus-events.rules at line 16
[562147 - Suricata-Main] 2026-07-02 21:12:47 Info: detect: 20 rule files processed. 240 rules successfully loaded, 15 rules failed, 0
[562147 - Suricata-Main] 2026-07-02 21:12:47 Info: threshold-config: Threshold config parsed: 0 rule(s) found
[562147 - Suricata-Main] 2026-07-02 21:12:47 Info: detect: 240 signatures processed. 0 are IP-only rules, 0 are inspecting packet payload, 173 inspect application layer, 0 are decoder event only
[562147 - Suricata-Main] 2026-07-02 21:12:47 Info: unix-manager: unix socket '/var/run/suricata-command.socket'
[562147 - Suricata-Main] 2026-07-02 21:12:47 Warning: unix-manager: Unix socket: UNIX socket bind(/var/run/suricata-command.socket) error: Address already in use
[562147 - Suricata-Main] 2026-07-02 21:12:47 Warning: unix-manager: Unable to create unix command socket
[562149 - RX#01] 2026-07-02 21:12:47 Info: pcap: Starting file run for /home/pritam/work/bug-bounty/bugbountydir/suricata-soc-platform/pcaps/smb-exploit.pcapng
[562149 - RX#01] 2026-07-02 21:12:47 Info: pcap: pcap file /home/pritam/work/bug-bounty/bugbountydir/suricata-soc-platform/pcaps/smb-exploit.pcapng end of file reached (pcap err code 0)
[562147 - Suricata-Main] 2026-07-02 21:12:47 Notice: threads: Threads created -> RX: 1 W: 12 FM: 1 FR: 1   Engine started.
[562147 - Suricata-Main] 2026-07-02 21:12:47 Notice: suricata: Signal Received.  Stopping engine.
[562147 - Suricata-Main] 2026-07-02 21:12:47 Info: suricata: time elapsed 0.092s
[562149 - RX#01] 2026-07-02 21:12:47 Notice: pcap: read 1 file, 82 packets, 18853 bytes
[562147 - Suricata-Main] 2026-07-02 21:12:47 Info: counters: Alerts: 0
